// Jest Snapshot v1, https://goo.gl/fbAQLP

exports[`Entry Component Match snapshot 1`] = `
<div class="entry-container mb-3 pointer p-2">
  <!-- titulo -->
  <div class="entry-title d-flex"><span class="text-success fs-5 fw-bold">7</span><span class="mx-1 fs-5">Septiembre</span><span class="mx-1 fw-light">2021, Martes</span></div>
  <div class="entry-description fs-6">Carlos Mazu Mazda BT-50</div>
</div>
`;
