// Jest Snapshot v1, https://goo.gl/fbAQLP

exports[`Fab Componente Snapshot 1`] = `<button class="btn btn-primary"><i class="fa fa-2x fa-plus"></i></button>`;
