// Jest Snapshot v1, https://goo.gl/fbAQLP

exports[`/src/views/About Snapshot Abuot 1`] = `
<div class="about">
  <h1>This is an about page</h1>
</div>
`;
